
> leave-app@0.0.0 test
> ng test --watch=false --browsers=ChromeHeadless

- Generating browser application bundles (phase: setup)...
✔ Browser application bundle generation complete.

Error: public/src/app/dashboard/components/dashboard-user-form.component.spec.ts:65:5 - error TS2739: Type '{ companyId: string; fullName: string; username: string; email: string; password: string; role: string; managerUsername: string; active: true; gender: string; }' is missing the following properties from type 'UserFormModel': countryId, phoneCodeId, phoneNumber

65     component.model = {
       ~~~~~~~~~~~~~~~


Error: public/src/app/dashboard/components/dashboard-user-form.component.spec.ts:97:5 - error TS2739: Type '{ companyId: string; fullName: string; username: string; email: string; password: string; role: string; managerUsername: string; active: true; gender: string; }' is missing the following properties from type 'UserFormModel': countryId, phoneCodeId, phoneNumber

97     component.model = {
       ~~~~~~~~~~~~~~~


Error: public/src/app/dashboard/components/dashboard-user-form.component.spec.ts:117:5 - error TS2739: Type '{ companyId: string; fullName: string; username: string; email: string; password: string; role: string; managerUsername: string; active: true; gender: string; }' is missing the following properties from type 'UserFormModel': countryId, phoneCodeId, phoneNumber

117     component.model = {
        ~~~~~~~~~~~~~~~



30 04 2026 15:24:45.763:INFO [karma-server]: Karma v6.4.4 server started at http://localhost:9876/
30 04 2026 15:24:45.764:INFO [launcher]: Launching browsers ChromeHeadless with concurrency unlimited
30 04 2026 15:24:45.765:ERROR [karma-server]: Error: Found 1 load error
    at Server.<anonymous> (/home/vivek/Documents/CresenProject/front-end/frontend_leave_management_system/node_modules/karma/lib/server.js:243:26)
    at Object.onceWrapper (node:events:631:28)
    at Server.emit (node:events:529:35)
    at emitListeningNT (node:net:1851:10)
    at process.processTicksAndRejections (node:internal/process/task_queues:81:21)
✔ Browser application bundle generation complete.
✔ Browser application bundle generation complete.
